wmake libso (pimpleCentral)
    ln: ./lnInclude
Making dependencies: additionalRhoThermos.C
Making dependencies: correctCentralACMIInterpolation.C
Making dependencies: centralMULES.C
Making dependencies: compressibleTwoPhaseMixtureThermo.C
Making dependencies: compressibleTwoPhaseMixture.C
Making dependencies: simplePhasePsiThermo.C
Making dependencies: standardMachToAcCourantRatioKappaFunction.C
Making dependencies: sonicCourantInverseKappaFunction.C
Making dependencies: acceleratedSonicCourantInverseKappaFunction.C
Making dependencies: kappaFunction.C
icpx -std=c++14 -fp-model precise -pthread -DOPENFOAM=2312 -DWM_DP -DWM_LABEL_SIZE=64 -Wall -Wextra -Wnon-virtual-dtor -Wno-unused-parameter -Wno-invalid-offsetof -Wno-unknown-pragmas -Wno-undefined-var-template -diag-disable 327,654,1125,1292,2289,2304,11062,11074,11076 -O3 -march=westmere -frounding-math  -DNoRepository  -I/home/kol/OpenFOAM/OpenFOAM-v2312/src/transportModels/compressible/lnInclude -I/home/kol/OpenFOAM/OpenFOAM-v2312/src/thermophysicalModels/basic/lnInclude -I/home/kol/OpenFOAM/OpenFOAM-v2312/src/thermophysicalModels/specie/lnInclude -I/home/kol/OpenFOAM/OpenFOAM-v2312/src/meshTools/lnInclude -I/home/kol/OpenFOAM/OpenFOAM-v2312/src/finiteVolume/lnInclude -iquote. -IlnInclude -I/home/kol/OpenFOAM/OpenFOAM-v2312/src/OpenFOAM/lnInclude -I/home/kol/OpenFOAM/OpenFOAM-v2312/src/OSspecific/POSIX/lnInclude   -fPIC -fiopenmp -c kappaFunctions/kappaFunction/kappaFunction.C -o Make/linux64IcxDPInt64Opt/kappaFunctions/kappaFunction/kappaFunction.o
icpx -std=c++14 -fp-model precise -pthread -DOPENFOAM=2312 -DWM_DP -DWM_LABEL_SIZE=64 -Wall -Wextra -Wnon-virtual-dtor -Wno-unused-parameter -Wno-invalid-offsetof -Wno-unknown-pragmas -Wno-undefined-var-template -diag-disable 327,654,1125,1292,2289,2304,11062,11074,11076 -O3 -march=westmere -frounding-math  -DNoRepository  -I/home/kol/OpenFOAM/OpenFOAM-v2312/src/transportModels/compressible/lnInclude -I/home/kol/OpenFOAM/OpenFOAM-v2312/src/thermophysicalModels/basic/lnInclude -I/home/kol/OpenFOAM/OpenFOAM-v2312/src/thermophysicalModels/specie/lnInclude -I/home/kol/OpenFOAM/OpenFOAM-v2312/src/meshTools/lnInclude -I/home/kol/OpenFOAM/OpenFOAM-v2312/src/finiteVolume/lnInclude -iquote. -IlnInclude -I/home/kol/OpenFOAM/OpenFOAM-v2312/src/OpenFOAM/lnInclude -I/home/kol/OpenFOAM/OpenFOAM-v2312/src/OSspecific/POSIX/lnInclude   -fPIC -fiopenmp -c kappaFunctions/derived/acceleratedSonicCourantInverse/acceleratedSonicCourantInverseKappaFunction.C -o Make/linux64IcxDPInt64Opt/kappaFunctions/derived/acceleratedSonicCourantInverse/acceleratedSonicCourantInverseKappaFunction.o
icpx -std=c++14 -fp-model precise -pthread -DOPENFOAM=2312 -DWM_DP -DWM_LABEL_SIZE=64 -Wall -Wextra -Wnon-virtual-dtor -Wno-unused-parameter -Wno-invalid-offsetof -Wno-unknown-pragmas -Wno-undefined-var-template -diag-disable 327,654,1125,1292,2289,2304,11062,11074,11076 -O3 -march=westmere -frounding-math  -DNoRepository  -I/home/kol/OpenFOAM/OpenFOAM-v2312/src/transportModels/compressible/lnInclude -I/home/kol/OpenFOAM/OpenFOAM-v2312/src/thermophysicalModels/basic/lnInclude -I/home/kol/OpenFOAM/OpenFOAM-v2312/src/thermophysicalModels/specie/lnInclude -I/home/kol/OpenFOAM/OpenFOAM-v2312/src/meshTools/lnInclude -I/home/kol/OpenFOAM/OpenFOAM-v2312/src/finiteVolume/lnInclude -iquote. -IlnInclude -I/home/kol/OpenFOAM/OpenFOAM-v2312/src/OpenFOAM/lnInclude -I/home/kol/OpenFOAM/OpenFOAM-v2312/src/OSspecific/POSIX/lnInclude   -fPIC -fiopenmp -c kappaFunctions/derived/sonicCourantInverse/sonicCourantInverseKappaFunction.C -o Make/linux64IcxDPInt64Opt/kappaFunctions/derived/sonicCourantInverse/sonicCourantInverseKappaFunction.o
icpx -std=c++14 -fp-model precise -pthread -DOPENFOAM=2312 -DWM_DP -DWM_LABEL_SIZE=64 -Wall -Wextra -Wnon-virtual-dtor -Wno-unused-parameter -Wno-invalid-offsetof -Wno-unknown-pragmas -Wno-undefined-var-template -diag-disable 327,654,1125,1292,2289,2304,11062,11074,11076 -O3 -march=westmere -frounding-math  -DNoRepository  -I/home/kol/OpenFOAM/OpenFOAM-v2312/src/transportModels/compressible/lnInclude -I/home/kol/OpenFOAM/OpenFOAM-v2312/src/thermophysicalModels/basic/lnInclude -I/home/kol/OpenFOAM/OpenFOAM-v2312/src/thermophysicalModels/specie/lnInclude -I/home/kol/OpenFOAM/OpenFOAM-v2312/src/meshTools/lnInclude -I/home/kol/OpenFOAM/OpenFOAM-v2312/src/finiteVolume/lnInclude -iquote. -IlnInclude -I/home/kol/OpenFOAM/OpenFOAM-v2312/src/OpenFOAM/lnInclude -I/home/kol/OpenFOAM/OpenFOAM-v2312/src/OSspecific/POSIX/lnInclude   -fPIC -fiopenmp -c kappaFunctions/derived/standardMachToAcCourantRatio/standardMachToAcCourantRatioKappaFunction.C -o Make/linux64IcxDPInt64Opt/kappaFunctions/derived/standardMachToAcCourantRatio/standardMachToAcCourantRatioKappaFunction.o
icpx -std=c++14 -fp-model precise -pthread -DOPENFOAM=2312 -DWM_DP -DWM_LABEL_SIZE=64 -Wall -Wextra -Wnon-virtual-dtor -Wno-unused-parameter -Wno-invalid-offsetof -Wno-unknown-pragmas -Wno-undefined-var-template -diag-disable 327,654,1125,1292,2289,2304,11062,11074,11076 -O3 -march=westmere -frounding-math  -DNoRepository  -I/home/kol/OpenFOAM/OpenFOAM-v2312/src/transportModels/compressible/lnInclude -I/home/kol/OpenFOAM/OpenFOAM-v2312/src/thermophysicalModels/basic/lnInclude -I/home/kol/OpenFOAM/OpenFOAM-v2312/src/thermophysicalModels/specie/lnInclude -I/home/kol/OpenFOAM/OpenFOAM-v2312/src/meshTools/lnInclude -I/home/kol/OpenFOAM/OpenFOAM-v2312/src/finiteVolume/lnInclude -iquote. -IlnInclude -I/home/kol/OpenFOAM/OpenFOAM-v2312/src/OpenFOAM/lnInclude -I/home/kol/OpenFOAM/OpenFOAM-v2312/src/OSspecific/POSIX/lnInclude   -fPIC -fiopenmp -c compressibleTwoPhaseThermo/simplePhasePsiThermo.C -o Make/linux64IcxDPInt64Opt/compressibleTwoPhaseThermo/simplePhasePsiThermo.o
icpx -std=c++14 -fp-model precise -pthread -DOPENFOAM=2312 -DWM_DP -DWM_LABEL_SIZE=64 -Wall -Wextra -Wnon-virtual-dtor -Wno-unused-parameter -Wno-invalid-offsetof -Wno-unknown-pragmas -Wno-undefined-var-template -diag-disable 327,654,1125,1292,2289,2304,11062,11074,11076 -O3 -march=westmere -frounding-math  -DNoRepository  -I/home/kol/OpenFOAM/OpenFOAM-v2312/src/transportModels/compressible/lnInclude -I/home/kol/OpenFOAM/OpenFOAM-v2312/src/thermophysicalModels/basic/lnInclude -I/home/kol/OpenFOAM/OpenFOAM-v2312/src/thermophysicalModels/specie/lnInclude -I/home/kol/OpenFOAM/OpenFOAM-v2312/src/meshTools/lnInclude -I/home/kol/OpenFOAM/OpenFOAM-v2312/src/finiteVolume/lnInclude -iquote. -IlnInclude -I/home/kol/OpenFOAM/OpenFOAM-v2312/src/OpenFOAM/lnInclude -I/home/kol/OpenFOAM/OpenFOAM-v2312/src/OSspecific/POSIX/lnInclude   -fPIC -fiopenmp -c compressibleTwoPhaseThermo/compressibleTwoPhaseMixture.C -o Make/linux64IcxDPInt64Opt/compressibleTwoPhaseThermo/compressibleTwoPhaseMixture.o
icpx -std=c++14 -fp-model precise -pthread -DOPENFOAM=2312 -DWM_DP -DWM_LABEL_SIZE=64 -Wall -Wextra -Wnon-virtual-dtor -Wno-unused-parameter -Wno-invalid-offsetof -Wno-unknown-pragmas -Wno-undefined-var-template -diag-disable 327,654,1125,1292,2289,2304,11062,11074,11076 -O3 -march=westmere -frounding-math  -DNoRepository  -I/home/kol/OpenFOAM/OpenFOAM-v2312/src/transportModels/compressible/lnInclude -I/home/kol/OpenFOAM/OpenFOAM-v2312/src/thermophysicalModels/basic/lnInclude -I/home/kol/OpenFOAM/OpenFOAM-v2312/src/thermophysicalModels/specie/lnInclude -I/home/kol/OpenFOAM/OpenFOAM-v2312/src/meshTools/lnInclude -I/home/kol/OpenFOAM/OpenFOAM-v2312/src/finiteVolume/lnInclude -iquote. -IlnInclude -I/home/kol/OpenFOAM/OpenFOAM-v2312/src/OpenFOAM/lnInclude -I/home/kol/OpenFOAM/OpenFOAM-v2312/src/OSspecific/POSIX/lnInclude   -fPIC -fiopenmp -c compressibleTwoPhaseThermo/compressibleTwoPhaseMixtureThermo.C -o Make/linux64IcxDPInt64Opt/compressibleTwoPhaseThermo/compressibleTwoPhaseMixtureThermo.o
icpx -std=c++14 -fp-model precise -pthread -DOPENFOAM=2312 -DWM_DP -DWM_LABEL_SIZE=64 -Wall -Wextra -Wnon-virtual-dtor -Wno-unused-parameter -Wno-invalid-offsetof -Wno-unknown-pragmas -Wno-undefined-var-template -diag-disable 327,654,1125,1292,2289,2304,11062,11074,11076 -O3 -march=westmere -frounding-math  -DNoRepository  -I/home/kol/OpenFOAM/OpenFOAM-v2312/src/transportModels/compressible/lnInclude -I/home/kol/OpenFOAM/OpenFOAM-v2312/src/thermophysicalModels/basic/lnInclude -I/home/kol/OpenFOAM/OpenFOAM-v2312/src/thermophysicalModels/specie/lnInclude -I/home/kol/OpenFOAM/OpenFOAM-v2312/src/meshTools/lnInclude -I/home/kol/OpenFOAM/OpenFOAM-v2312/src/finiteVolume/lnInclude -iquote. -IlnInclude -I/home/kol/OpenFOAM/OpenFOAM-v2312/src/OpenFOAM/lnInclude -I/home/kol/OpenFOAM/OpenFOAM-v2312/src/OSspecific/POSIX/lnInclude   -fPIC -fiopenmp -c centralMULES/centralMULES.C -o Make/linux64IcxDPInt64Opt/centralMULES/centralMULES.o
icpx -std=c++14 -fp-model precise -pthread -DOPENFOAM=2312 -DWM_DP -DWM_LABEL_SIZE=64 -Wall -Wextra -Wnon-virtual-dtor -Wno-unused-parameter -Wno-invalid-offsetof -Wno-unknown-pragmas -Wno-undefined-var-template -diag-disable 327,654,1125,1292,2289,2304,11062,11074,11076 -O3 -march=westmere -frounding-math  -DNoRepository  -I/home/kol/OpenFOAM/OpenFOAM-v2312/src/transportModels/compressible/lnInclude -I/home/kol/OpenFOAM/OpenFOAM-v2312/src/thermophysicalModels/basic/lnInclude -I/home/kol/OpenFOAM/OpenFOAM-v2312/src/thermophysicalModels/specie/lnInclude -I/home/kol/OpenFOAM/OpenFOAM-v2312/src/meshTools/lnInclude -I/home/kol/OpenFOAM/OpenFOAM-v2312/src/finiteVolume/lnInclude -iquote. -IlnInclude -I/home/kol/OpenFOAM/OpenFOAM-v2312/src/OpenFOAM/lnInclude -I/home/kol/OpenFOAM/OpenFOAM-v2312/src/OSspecific/POSIX/lnInclude   -fPIC -fiopenmp -c Tools/correctCentralACMIInterpolation.C -o Make/linux64IcxDPInt64Opt/Tools/correctCentralACMIInterpolation.o
icpx -std=c++14 -fp-model precise -pthread -DOPENFOAM=2312 -DWM_DP -DWM_LABEL_SIZE=64 -Wall -Wextra -Wnon-virtual-dtor -Wno-unused-parameter -Wno-invalid-offsetof -Wno-unknown-pragmas -Wno-undefined-var-template -diag-disable 327,654,1125,1292,2289,2304,11062,11074,11076 -O3 -march=westmere -frounding-math  -DNoRepository  -I/home/kol/OpenFOAM/OpenFOAM-v2312/src/transportModels/compressible/lnInclude -I/home/kol/OpenFOAM/OpenFOAM-v2312/src/thermophysicalModels/basic/lnInclude -I/home/kol/OpenFOAM/OpenFOAM-v2312/src/thermophysicalModels/specie/lnInclude -I/home/kol/OpenFOAM/OpenFOAM-v2312/src/meshTools/lnInclude -I/home/kol/OpenFOAM/OpenFOAM-v2312/src/finiteVolume/lnInclude -iquote. -IlnInclude -I/home/kol/OpenFOAM/OpenFOAM-v2312/src/OpenFOAM/lnInclude -I/home/kol/OpenFOAM/OpenFOAM-v2312/src/OSspecific/POSIX/lnInclude   -fPIC -fiopenmp -c thermophysicalProperties/thermo/additionalRhoThermos.C -o Make/linux64IcxDPInt64Opt/thermophysicalProperties/thermo/additionalRhoThermos.o
icpx -std=c++14 -fp-model precise -pthread -DOPENFOAM=2312 -DWM_DP -DWM_LABEL_SIZE=64 -Wall -Wextra -Wnon-virtual-dtor -Wno-unused-parameter -Wno-invalid-offsetof -Wno-unknown-pragmas -Wno-undefined-var-template -diag-disable 327,654,1125,1292,2289,2304,11062,11074,11076 -O3 -march=westmere -frounding-math  -DNoRepository  -I/home/kol/OpenFOAM/OpenFOAM-v2312/src/transportModels/compressible/lnInclude -I/home/kol/OpenFOAM/OpenFOAM-v2312/src/thermophysicalModels/basic/lnInclude -I/home/kol/OpenFOAM/OpenFOAM-v2312/src/thermophysicalModels/specie/lnInclude -I/home/kol/OpenFOAM/OpenFOAM-v2312/src/meshTools/lnInclude -I/home/kol/OpenFOAM/OpenFOAM-v2312/src/finiteVolume/lnInclude -iquote. -IlnInclude -I/home/kol/OpenFOAM/OpenFOAM-v2312/src/OpenFOAM/lnInclude -I/home/kol/OpenFOAM/OpenFOAM-v2312/src/OSspecific/POSIX/lnInclude   -fPIC -fiopenmp -shared -Xlinker --add-needed -Xlinker --no-as-needed  Make/linux64IcxDPInt64Opt/kappaFunctions/kappaFunction/kappaFunction.o Make/linux64IcxDPInt64Opt/kappaFunctions/derived/acceleratedSonicCourantInverse/acceleratedSonicCourantInverseKappaFunction.o Make/linux64IcxDPInt64Opt/kappaFunctions/derived/sonicCourantInverse/sonicCourantInverseKappaFunction.o Make/linux64IcxDPInt64Opt/kappaFunctions/derived/standardMachToAcCourantRatio/standardMachToAcCourantRatioKappaFunction.o Make/linux64IcxDPInt64Opt/compressibleTwoPhaseThermo/simplePhasePsiThermo.o Make/linux64IcxDPInt64Opt/compressibleTwoPhaseThermo/compressibleTwoPhaseMixture.o Make/linux64IcxDPInt64Opt/compressibleTwoPhaseThermo/compressibleTwoPhaseMixtureThermo.o Make/linux64IcxDPInt64Opt/centralMULES/centralMULES.o Make/linux64IcxDPInt64Opt/Tools/correctCentralACMIInterpolation.o Make/linux64IcxDPInt64Opt/thermophysicalProperties/thermo/additionalRhoThermos.o -L/home/kol/OpenFOAM/OpenFOAM-v2312/platforms/linux64IcxDPInt64Opt/lib \
    -lfluidThermophysicalModels -lmeshTools -lspecie -lfiniteVolume  -o /home/kol/OpenFOAM/kol-v2312/platforms/linux64IcxDPInt64Opt/lib/libpimpleCentral.so
+ wmake
Making dependencies: pimpleCentralFoam.C
icpx -std=c++14 -fp-model precise -pthread -DOPENFOAM=2312 -DWM_DP -DWM_LABEL_SIZE=64 -Wall -Wextra -Wnon-virtual-dtor -Wno-unused-parameter -Wno-invalid-offsetof -Wno-unknown-pragmas -Wno-undefined-var-template -diag-disable 327,654,1125,1292,2289,2304,11062,11074,11076 -O3 -march=westmere -frounding-math  -DNoRepository  -I../pimpleCentral/lnInclude -I/home/kol/OpenFOAM/OpenFOAM-v2312/src/finiteVolume/lnInclude -I/home/kol/OpenFOAM/OpenFOAM-v2312/src/transportModels/compressible/lnInclude -I/home/kol/OpenFOAM/OpenFOAM-v2312/src/thermophysicalModels/basic/lnInclude -I/home/kol/OpenFOAM/OpenFOAM-v2312/src/thermophysicalModels/specie/lnInclude -I/home/kol/OpenFOAM/OpenFOAM-v2312/src/TurbulenceModels/turbulenceModels/lnInclude -I/home/kol/OpenFOAM/OpenFOAM-v2312/src/TurbulenceModels/compressible/lnInclude -I/home/kol/OpenFOAM/OpenFOAM-v2312/src/dynamicMesh/lnInclude -I/home/kol/OpenFOAM/OpenFOAM-v2312/src/meshTools/lnInclude -I/home/kol/OpenFOAM/OpenFOAM-v2312/src/fvOptions/lnInclude -iquote. -IlnInclude -I/home/kol/OpenFOAM/OpenFOAM-v2312/src/OpenFOAM/lnInclude -I/home/kol/OpenFOAM/OpenFOAM-v2312/src/OSspecific/POSIX/lnInclude   -fPIC -fiopenmp -c pimpleCentralFoam.C -o Make/linux64IcxDPInt64Opt/pimpleCentralFoam.o
In file included from pimpleCentralFoam.C:92:
../pimpleCentral/lnInclude/createCentralCourantNo.H:2:8: warning: variable 'meanCoNum' set but not used [-Wunused-but-set-variable]
    2 | scalar meanCoNum = 0.0;
      |        ^
1 warning generated.
icpx -std=c++14 -fp-model precise -pthread -DOPENFOAM=2312 -DWM_DP -DWM_LABEL_SIZE=64 -Wall -Wextra -Wnon-virtual-dtor -Wno-unused-parameter -Wno-invalid-offsetof -Wno-unknown-pragmas -Wno-undefined-var-template -diag-disable 327,654,1125,1292,2289,2304,11062,11074,11076 -O3 -march=westmere -frounding-math  -DNoRepository  -I../pimpleCentral/lnInclude -I/home/kol/OpenFOAM/OpenFOAM-v2312/src/finiteVolume/lnInclude -I/home/kol/OpenFOAM/OpenFOAM-v2312/src/transportModels/compressible/lnInclude -I/home/kol/OpenFOAM/OpenFOAM-v2312/src/thermophysicalModels/basic/lnInclude -I/home/kol/OpenFOAM/OpenFOAM-v2312/src/thermophysicalModels/specie/lnInclude -I/home/kol/OpenFOAM/OpenFOAM-v2312/src/TurbulenceModels/turbulenceModels/lnInclude -I/home/kol/OpenFOAM/OpenFOAM-v2312/src/TurbulenceModels/compressible/lnInclude -I/home/kol/OpenFOAM/OpenFOAM-v2312/src/dynamicMesh/lnInclude -I/home/kol/OpenFOAM/OpenFOAM-v2312/src/meshTools/lnInclude -I/home/kol/OpenFOAM/OpenFOAM-v2312/src/fvOptions/lnInclude -iquote. -IlnInclude -I/home/kol/OpenFOAM/OpenFOAM-v2312/src/OpenFOAM/lnInclude -I/home/kol/OpenFOAM/OpenFOAM-v2312/src/OSspecific/POSIX/lnInclude   -fPIC -fiopenmp -Xlinker --add-needed -Xlinker --no-as-needed  Make/linux64IcxDPInt64Opt/pimpleCentralFoam.o -L/home/kol/OpenFOAM/OpenFOAM-v2312/platforms/linux64IcxDPInt64Opt/lib \
    -L/home/kol/OpenFOAM/kol-v2312/platforms/linux64IcxDPInt64Opt/lib -lpimpleCentral -lfiniteVolume -lfluidThermophysicalModels -lspecie -lturbulenceModels -lcompressibleTransportModels -lcompressibleTurbulenceModels -lmeshTools -lthermoTools -lfvOptions -lOpenFOAM -ldl -fiopenmp \
     -lm -o /home/kol/OpenFOAM/kol-v2312/platforms/linux64IcxDPInt64Opt/bin/pimpleCentralFoam
+ cd rhoPimpleCentralFoam
+ wmake
Making dependencies: rhoPimpleCentralFoam.C
icpx -std=c++14 -fp-model precise -pthread -DOPENFOAM=2312 -DWM_DP -DWM_LABEL_SIZE=64 -Wall -Wextra -Wnon-virtual-dtor -Wno-unused-parameter -Wno-invalid-offsetof -Wno-unknown-pragmas -Wno-undefined-var-template -diag-disable 327,654,1125,1292,2289,2304,11062,11074,11076 -O3 -march=westmere -frounding-math  -DNoRepository  -I../../pimpleCentral/lnInclude -I/home/kol/OpenFOAM/OpenFOAM-v2312/src/finiteVolume/lnInclude -I/home/kol/OpenFOAM/OpenFOAM-v2312/src/transportModels/compressible/lnInclude -I/home/kol/OpenFOAM/OpenFOAM-v2312/src/thermophysicalModels/basic/lnInclude -I/home/kol/OpenFOAM/OpenFOAM-v2312/src/thermophysicalModels/specie/lnInclude -I/home/kol/OpenFOAM/OpenFOAM-v2312/src/TurbulenceModels/turbulenceModels/lnInclude -I/home/kol/OpenFOAM/OpenFOAM-v2312/src/TurbulenceModels/compressible/lnInclude -I/home/kol/OpenFOAM/OpenFOAM-v2312/src/dynamicMesh/lnInclude -I/home/kol/OpenFOAM/OpenFOAM-v2312/src/meshTools/lnInclude -I/home/kol/OpenFOAM/OpenFOAM-v2312/src/fvOptions/lnInclude  -iquote. -IlnInclude -I/home/kol/OpenFOAM/OpenFOAM-v2312/src/OpenFOAM/lnInclude -I/home/kol/OpenFOAM/OpenFOAM-v2312/src/OSspecific/POSIX/lnInclude   -fPIC -fiopenmp -c rhoPimpleCentralFoam.C -o Make/linux64IcxDPInt64Opt/rhoPimpleCentralFoam.o
In file included from rhoPimpleCentralFoam.C:94:
../../pimpleCentral/lnInclude/createCentralCourantNo.H:2:8: warning: variable 'meanCoNum' set but not used [-Wunused-but-set-variable]
    2 | scalar meanCoNum = 0.0;
      |        ^
1 warning generated.
icpx -std=c++14 -fp-model precise -pthread -DOPENFOAM=2312 -DWM_DP -DWM_LABEL_SIZE=64 -Wall -Wextra -Wnon-virtual-dtor -Wno-unused-parameter -Wno-invalid-offsetof -Wno-unknown-pragmas -Wno-undefined-var-template -diag-disable 327,654,1125,1292,2289,2304,11062,11074,11076 -O3 -march=westmere -frounding-math  -DNoRepository  -I../../pimpleCentral/lnInclude -I/home/kol/OpenFOAM/OpenFOAM-v2312/src/finiteVolume/lnInclude -I/home/kol/OpenFOAM/OpenFOAM-v2312/src/transportModels/compressible/lnInclude -I/home/kol/OpenFOAM/OpenFOAM-v2312/src/thermophysicalModels/basic/lnInclude -I/home/kol/OpenFOAM/OpenFOAM-v2312/src/thermophysicalModels/specie/lnInclude -I/home/kol/OpenFOAM/OpenFOAM-v2312/src/TurbulenceModels/turbulenceModels/lnInclude -I/home/kol/OpenFOAM/OpenFOAM-v2312/src/TurbulenceModels/compressible/lnInclude -I/home/kol/OpenFOAM/OpenFOAM-v2312/src/dynamicMesh/lnInclude -I/home/kol/OpenFOAM/OpenFOAM-v2312/src/meshTools/lnInclude -I/home/kol/OpenFOAM/OpenFOAM-v2312/src/fvOptions/lnInclude  -iquote. -IlnInclude -I/home/kol/OpenFOAM/OpenFOAM-v2312/src/OpenFOAM/lnInclude -I/home/kol/OpenFOAM/OpenFOAM-v2312/src/OSspecific/POSIX/lnInclude   -fPIC -fiopenmp -Xlinker --add-needed -Xlinker --no-as-needed  Make/linux64IcxDPInt64Opt/rhoPimpleCentralFoam.o -L/home/kol/OpenFOAM/OpenFOAM-v2312/platforms/linux64IcxDPInt64Opt/lib \
    -L/home/kol/OpenFOAM/kol-v2312/platforms/linux64IcxDPInt64Opt/lib -lpimpleCentral -lfiniteVolume -lfluidThermophysicalModels -lspecie -lturbulenceModels -lcompressibleTransportModels -lcompressibleTurbulenceModels -lmeshTools -lthermoTools -lfvOptions -lOpenFOAM -ldl -fiopenmp \
     -lm -o /home/kol/OpenFOAM/kol-v2312/platforms/linux64IcxDPInt64Opt/bin/rhoPimpleCentralFoam
+ cd ../
+ cd pimpleCentralDyMFoam
+ wmake
Making dependencies: pimpleCentralDyMFoam.C
icpx -std=c++14 -fp-model precise -pthread -DOPENFOAM=2312 -DWM_DP -DWM_LABEL_SIZE=64 -Wall -Wextra -Wnon-virtual-dtor -Wno-unused-parameter -Wno-invalid-offsetof -Wno-unknown-pragmas -Wno-undefined-var-template -diag-disable 327,654,1125,1292,2289,2304,11062,11074,11076 -O3 -march=westmere -frounding-math  -DNoRepository  -I../../pimpleCentral/lnInclude -I../ -I/home/kol/OpenFOAM/OpenFOAM-v2312/src/finiteVolume/lnInclude -I/home/kol/OpenFOAM/OpenFOAM-v2312/src/transportModels/compressible/lnInclude -I/home/kol/OpenFOAM/OpenFOAM-v2312/src/thermophysicalModels/basic/lnInclude -I/home/kol/OpenFOAM/OpenFOAM-v2312/src/thermophysicalModels/specie/lnInclude -I/home/kol/OpenFOAM/OpenFOAM-v2312/src/TurbulenceModels/turbulenceModels/lnInclude -I/home/kol/OpenFOAM/OpenFOAM-v2312/src/TurbulenceModels/compressible/lnInclude -I/home/kol/OpenFOAM/OpenFOAM-v2312/src/dynamicMesh/lnInclude -I/home/kol/OpenFOAM/OpenFOAM-v2312/src/meshTools/lnInclude -I/home/kol/OpenFOAM/OpenFOAM-v2312/src/dynamicFvMesh/lnInclude -I/home/kol/OpenFOAM/OpenFOAM-v2312/src/dynamicMesh/lnInclude -I/home/kol/OpenFOAM/OpenFOAM-v2312/src/fvOptions/lnInclude  -iquote. -IlnInclude -I/home/kol/OpenFOAM/OpenFOAM-v2312/src/OpenFOAM/lnInclude -I/home/kol/OpenFOAM/OpenFOAM-v2312/src/OSspecific/POSIX/lnInclude   -fPIC -fiopenmp -c pimpleCentralDyMFoam.C -o Make/linux64IcxDPInt64Opt/pimpleCentralDyMFoam.o
In file included from pimpleCentralDyMFoam.C:100:
../../pimpleCentral/lnInclude/createCentralCourantNo.H:2:8: warning: variable 'meanCoNum' set but not used [-Wunused-but-set-variable]
    2 | scalar meanCoNum = 0.0;
      |        ^
1 warning generated.
icpx -std=c++14 -fp-model precise -pthread -DOPENFOAM=2312 -DWM_DP -DWM_LABEL_SIZE=64 -Wall -Wextra -Wnon-virtual-dtor -Wno-unused-parameter -Wno-invalid-offsetof -Wno-unknown-pragmas -Wno-undefined-var-template -diag-disable 327,654,1125,1292,2289,2304,11062,11074,11076 -O3 -march=westmere -frounding-math  -DNoRepository  -I../../pimpleCentral/lnInclude -I../ -I/home/kol/OpenFOAM/OpenFOAM-v2312/src/finiteVolume/lnInclude -I/home/kol/OpenFOAM/OpenFOAM-v2312/src/transportModels/compressible/lnInclude -I/home/kol/OpenFOAM/OpenFOAM-v2312/src/thermophysicalModels/basic/lnInclude -I/home/kol/OpenFOAM/OpenFOAM-v2312/src/thermophysicalModels/specie/lnInclude -I/home/kol/OpenFOAM/OpenFOAM-v2312/src/TurbulenceModels/turbulenceModels/lnInclude -I/home/kol/OpenFOAM/OpenFOAM-v2312/src/TurbulenceModels/compressible/lnInclude -I/home/kol/OpenFOAM/OpenFOAM-v2312/src/dynamicMesh/lnInclude -I/home/kol/OpenFOAM/OpenFOAM-v2312/src/meshTools/lnInclude -I/home/kol/OpenFOAM/OpenFOAM-v2312/src/dynamicFvMesh/lnInclude -I/home/kol/OpenFOAM/OpenFOAM-v2312/src/dynamicMesh/lnInclude -I/home/kol/OpenFOAM/OpenFOAM-v2312/src/fvOptions/lnInclude  -iquote. -IlnInclude -I/home/kol/OpenFOAM/OpenFOAM-v2312/src/OpenFOAM/lnInclude -I/home/kol/OpenFOAM/OpenFOAM-v2312/src/OSspecific/POSIX/lnInclude   -fPIC -fiopenmp -Xlinker --add-needed -Xlinker --no-as-needed  Make/linux64IcxDPInt64Opt/pimpleCentralDyMFoam.o -L/home/kol/OpenFOAM/OpenFOAM-v2312/platforms/linux64IcxDPInt64Opt/lib \
    -L/home/kol/OpenFOAM/kol-v2312/platforms/linux64IcxDPInt64Opt/lib -lpimpleCentral -lfiniteVolume -lfluidThermophysicalModels -lspecie -lturbulenceModels -lcompressibleTransportModels -lcompressibleTurbulenceModels -lmeshTools -ldynamicFvMesh -ltopoChangerFvMesh -ldynamicMesh -lthermoTools -lfvOptions -lOpenFOAM -ldl -fiopenmp \
     -lm -o /home/kol/OpenFOAM/kol-v2312/platforms/linux64IcxDPInt64Opt/bin/pimpleCentralDyMFoam
+ cd ../
+ wmake
Making dependencies: reactingPimpleCentralFoam.C
icpx -std=c++14 -fp-model precise -pthread -DOPENFOAM=2312 -DWM_DP -DWM_LABEL_SIZE=64 -Wall -Wextra -Wnon-virtual-dtor -Wno-unused-parameter -Wno-invalid-offsetof -Wno-unknown-pragmas -Wno-undefined-var-template -diag-disable 327,654,1125,1292,2289,2304,11062,11074,11076 -O3 -march=westmere -frounding-math  -DNoRepository  -I/home/kol/OpenFOAM/OpenFOAM-v2312/src/finiteVolume/lnInclude -I/home/kol/OpenFOAM/OpenFOAM-v2312/src/transportModels/compressible/lnInclude -I/home/kol/OpenFOAM/OpenFOAM-v2312/src/thermophysicalModels/basic/lnInclude -I/home/kol/OpenFOAM/OpenFOAM-v2312/src/thermophysicalModels/specie/lnInclude -I/home/kol/OpenFOAM/OpenFOAM-v2312/src/TurbulenceModels/turbulenceModels/lnInclude -I/home/kol/OpenFOAM/OpenFOAM-v2312/src/TurbulenceModels/compressible/lnInclude -I/home/kol/OpenFOAM/OpenFOAM-v2312/src/dynamicMesh/lnInclude -I/home/kol/OpenFOAM/OpenFOAM-v2312/src/meshTools/lnInclude -I/home/kol/OpenFOAM/OpenFOAM-v2312/src/fvOptions/lnInclude -I/home/kol/OpenFOAM/OpenFOAM-v2312/src/thermophysicalModels/reactionThermo/lnInclude -I/home/kol/OpenFOAM/OpenFOAM-v2312/src/thermophysicalModels/chemistryModel/lnInclude -I/home/kol/OpenFOAM/OpenFOAM-v2312/src/ODE/lnInclude -I/home/kol/OpenFOAM/OpenFOAM-v2312/src/combustionModels/lnInclude -I../pimpleCentral/lnInclude -iquote. -IlnInclude -I/home/kol/OpenFOAM/OpenFOAM-v2312/src/OpenFOAM/lnInclude -I/home/kol/OpenFOAM/OpenFOAM-v2312/src/OSspecific/POSIX/lnInclude   -fPIC -fiopenmp -c reactingPimpleCentralFoam.C -o Make/linux64IcxDPInt64Opt/reactingPimpleCentralFoam.o
In file included from reactingPimpleCentralFoam.C:104:
../pimpleCentral/lnInclude/createCentralCourantNo.H:2:8: warning: variable 'meanCoNum' set but not used [-Wunused-but-set-variable]
    2 | scalar meanCoNum = 0.0;
      |        ^
1 warning generated.
icpx -std=c++14 -fp-model precise -pthread -DOPENFOAM=2312 -DWM_DP -DWM_LABEL_SIZE=64 -Wall -Wextra -Wnon-virtual-dtor -Wno-unused-parameter -Wno-invalid-offsetof -Wno-unknown-pragmas -Wno-undefined-var-template -diag-disable 327,654,1125,1292,2289,2304,11062,11074,11076 -O3 -march=westmere -frounding-math  -DNoRepository  -I/home/kol/OpenFOAM/OpenFOAM-v2312/src/finiteVolume/lnInclude -I/home/kol/OpenFOAM/OpenFOAM-v2312/src/transportModels/compressible/lnInclude -I/home/kol/OpenFOAM/OpenFOAM-v2312/src/thermophysicalModels/basic/lnInclude -I/home/kol/OpenFOAM/OpenFOAM-v2312/src/thermophysicalModels/specie/lnInclude -I/home/kol/OpenFOAM/OpenFOAM-v2312/src/TurbulenceModels/turbulenceModels/lnInclude -I/home/kol/OpenFOAM/OpenFOAM-v2312/src/TurbulenceModels/compressible/lnInclude -I/home/kol/OpenFOAM/OpenFOAM-v2312/src/dynamicMesh/lnInclude -I/home/kol/OpenFOAM/OpenFOAM-v2312/src/meshTools/lnInclude -I/home/kol/OpenFOAM/OpenFOAM-v2312/src/fvOptions/lnInclude -I/home/kol/OpenFOAM/OpenFOAM-v2312/src/thermophysicalModels/reactionThermo/lnInclude -I/home/kol/OpenFOAM/OpenFOAM-v2312/src/thermophysicalModels/chemistryModel/lnInclude -I/home/kol/OpenFOAM/OpenFOAM-v2312/src/ODE/lnInclude -I/home/kol/OpenFOAM/OpenFOAM-v2312/src/combustionModels/lnInclude -I../pimpleCentral/lnInclude -iquote. -IlnInclude -I/home/kol/OpenFOAM/OpenFOAM-v2312/src/OpenFOAM/lnInclude -I/home/kol/OpenFOAM/OpenFOAM-v2312/src/OSspecific/POSIX/lnInclude   -fPIC -fiopenmp -Xlinker --add-needed -Xlinker --no-as-needed  Make/linux64IcxDPInt64Opt/reactingPimpleCentralFoam.o -L/home/kol/OpenFOAM/OpenFOAM-v2312/platforms/linux64IcxDPInt64Opt/lib \
    -L/home/kol/OpenFOAM/kol-v2312/platforms/linux64IcxDPInt64Opt/lib -lpimpleCentral -lfiniteVolume -lfluidThermophysicalModels -lspecie -lturbulenceModels -lcompressibleTransportModels -lcompressibleTurbulenceModels -lthermoTools -lmeshTools -lfvOptions -lreactionThermophysicalModels -lchemistryModel -lODE -lcombustionModels -lOpenFOAM -ldl -fiopenmp \
     -lm -o /home/kol/OpenFOAM/kol-v2312/platforms/linux64IcxDPInt64Opt/bin/reactingPimpleCentralFoam
+ wmake
+ wmake
Making dependencies: twoPhaseMixingCentralFoam.C
icpx -std=c++14 -fp-model precise -pthread -DOPENFOAM=2312 -DWM_DP -DWM_LABEL_SIZE=64 -Wall -Wextra -Wnon-virtual-dtor -Wno-unused-parameter -Wno-invalid-offsetof -Wno-unknown-pragmas -Wno-undefined-var-template -diag-disable 327,654,1125,1292,2289,2304,11062,11074,11076 -O3 -march=westmere -frounding-math  -DNoRepository  -I./ -I/home/kol/OpenFOAM/OpenFOAM-v2312/src/finiteVolume/lnInclude -I/home/kol/OpenFOAM/OpenFOAM-v2312/src/meshTools/lnInclude -I/home/kol/OpenFOAM/OpenFOAM-v2312/src/sampling/lnInclude -I/home/kol/OpenFOAM/OpenFOAM-v2312/src/fvOptions/lnInclude -I/home/kol/OpenFOAM/OpenFOAM-v2312/src/transportModels/compressible/lnInclude -I/home/kol/OpenFOAM/OpenFOAM-v2312/src/thermophysicalModels/basic/lnInclude -I/home/kol/OpenFOAM/OpenFOAM-v2312/src/TurbulenceModels/turbulenceModels/lnInclude -I/home/kol/OpenFOAM/OpenFOAM-v2312/src/TurbulenceModels/compressible/lnInclude -I../pimpleCentral/lnInclude -iquote. -IlnInclude -I/home/kol/OpenFOAM/OpenFOAM-v2312/src/OpenFOAM/lnInclude -I/home/kol/OpenFOAM/OpenFOAM-v2312/src/OSspecific/POSIX/lnInclude   -fPIC -fiopenmp -c twoPhaseMixingCentralFoam.C -o Make/linux64IcxDPInt64Opt/twoPhaseMixingCentralFoam.o
In file included from twoPhaseMixingCentralFoam.C:130:
./YLiqEqn.H:43:6: warning: "change call to fvOptions to compressible" [-W#warnings]
   43 |     #warning "change call to fvOptions to compressible"
      |      ^
In file included from twoPhaseMixingCentralFoam.C:141:
./YLiqEqn.H:43:6: warning: "change call to fvOptions to compressible" [-W#warnings]
   43 |     #warning "change call to fvOptions to compressible"
      |      ^
In file included from twoPhaseMixingCentralFoam.C:56:
./createFields.H:25:21: warning: unused variable 'T' [-Wunused-variable]
   25 |     volScalarField& T = thermo.T();
      |                     ^
In file included from twoPhaseMixingCentralFoam.C:61:
../pimpleCentral/lnInclude/createRDeltaTVariables.H:1:8: warning: unused variable 'initialDeltaT' [-Wunused-variable]
    1 | scalar initialDeltaT = -VGREAT;
      |        ^~~~~~~~~~~~~
In file included from twoPhaseMixingCentralFoam.C:65:
../pimpleCentral/lnInclude/createCentralCourantNo.H:2:8: warning: variable 'meanCoNum' set but not used [-Wunused-but-set-variable]
    2 | scalar meanCoNum = 0.0;
      |        ^
5 warnings generated.
icpx -std=c++14 -fp-model precise -pthread -DOPENFOAM=2312 -DWM_DP -DWM_LABEL_SIZE=64 -Wall -Wextra -Wnon-virtual-dtor -Wno-unused-parameter -Wno-invalid-offsetof -Wno-unknown-pragmas -Wno-undefined-var-template -diag-disable 327,654,1125,1292,2289,2304,11062,11074,11076 -O3 -march=westmere -frounding-math  -DNoRepository  -I./ -I/home/kol/OpenFOAM/OpenFOAM-v2312/src/finiteVolume/lnInclude -I/home/kol/OpenFOAM/OpenFOAM-v2312/src/meshTools/lnInclude -I/home/kol/OpenFOAM/OpenFOAM-v2312/src/sampling/lnInclude -I/home/kol/OpenFOAM/OpenFOAM-v2312/src/fvOptions/lnInclude -I/home/kol/OpenFOAM/OpenFOAM-v2312/src/transportModels/compressible/lnInclude -I/home/kol/OpenFOAM/OpenFOAM-v2312/src/thermophysicalModels/basic/lnInclude -I/home/kol/OpenFOAM/OpenFOAM-v2312/src/TurbulenceModels/turbulenceModels/lnInclude -I/home/kol/OpenFOAM/OpenFOAM-v2312/src/TurbulenceModels/compressible/lnInclude -I../pimpleCentral/lnInclude -iquote. -IlnInclude -I/home/kol/OpenFOAM/OpenFOAM-v2312/src/OpenFOAM/lnInclude -I/home/kol/OpenFOAM/OpenFOAM-v2312/src/OSspecific/POSIX/lnInclude   -fPIC -fiopenmp -Xlinker --add-needed -Xlinker --no-as-needed  Make/linux64IcxDPInt64Opt/twoPhaseMixingCentralFoam.o -L/home/kol/OpenFOAM/OpenFOAM-v2312/platforms/linux64IcxDPInt64Opt/lib \
    -L/home/kol/OpenFOAM/kol-v2312/platforms/linux64IcxDPInt64Opt/lib -lpimpleCentral -lcompressibleTransportModels -lfluidThermophysicalModels -lspecie -lturbulenceModels -lcompressibleTurbulenceModels -lfiniteVolume -lmeshTools -lthermoTools -lsampling -lfvOptions -lOpenFOAM -ldl -fiopenmp \
     -lm -o /home/kol/OpenFOAM/kol-v2312/platforms/linux64IcxDPInt64Opt/bin/twoPhaseMixingCentralFoam
+ cd twoPhaseMixingCentralDyMFoam
+ wmake
Making dependencies: twoPhaseMixingCentralDyMFoam.C
icpx -std=c++14 -fp-model precise -pthread -DOPENFOAM=2312 -DWM_DP -DWM_LABEL_SIZE=64 -Wall -Wextra -Wnon-virtual-dtor -Wno-unused-parameter -Wno-invalid-offsetof -Wno-unknown-pragmas -Wno-undefined-var-template -diag-disable 327,654,1125,1292,2289,2304,11062,11074,11076 -O3 -march=westmere -frounding-math  -DNoRepository  -I./ -I/home/kol/OpenFOAM/OpenFOAM-v2312/src/finiteVolume/lnInclude -I/home/kol/OpenFOAM/OpenFOAM-v2312/src/meshTools/lnInclude -I/home/kol/OpenFOAM/OpenFOAM-v2312/src/sampling/lnInclude -I/home/kol/OpenFOAM/OpenFOAM-v2312/src/fvOptions/lnInclude -I/home/kol/OpenFOAM/OpenFOAM-v2312/src/transportModels/compressible/lnInclude -I/home/kol/OpenFOAM/OpenFOAM-v2312/src/thermophysicalModels/basic/lnInclude -I/home/kol/OpenFOAM/OpenFOAM-v2312/src/TurbulenceModels/turbulenceModels/lnInclude -I/home/kol/OpenFOAM/OpenFOAM-v2312/src/TurbulenceModels/compressible/lnInclude -I/home/kol/OpenFOAM/OpenFOAM-v2312/src/dynamicFvMesh/lnInclude -I/home/kol/OpenFOAM/OpenFOAM-v2312/src/dynamicMesh/lnInclude -I../ -I../../pimpleCentral/lnInclude -iquote. -IlnInclude -I/home/kol/OpenFOAM/OpenFOAM-v2312/src/OpenFOAM/lnInclude -I/home/kol/OpenFOAM/OpenFOAM-v2312/src/OSspecific/POSIX/lnInclude   -fPIC -fiopenmp -c twoPhaseMixingCentralDyMFoam.C -o Make/linux64IcxDPInt64Opt/twoPhaseMixingCentralDyMFoam.o
In file included from twoPhaseMixingCentralDyMFoam.C:182:
../YLiqEqn.H:43:6: warning: "change call to fvOptions to compressible" [-W#warnings]
   43 |     #warning "change call to fvOptions to compressible"
      |      ^
In file included from twoPhaseMixingCentralDyMFoam.C:193:
../YLiqEqn.H:43:6: warning: "change call to fvOptions to compressible" [-W#warnings]
   43 |     #warning "change call to fvOptions to compressible"
      |      ^
In file included from twoPhaseMixingCentralDyMFoam.C:57:
../createFields.H:25:21: warning: unused variable 'T' [-Wunused-variable]
   25 |     volScalarField& T = thermo.T();
      |                     ^
In file included from twoPhaseMixingCentralDyMFoam.C:62:
../../pimpleCentral/lnInclude/createRDeltaTVariables.H:1:8: warning: unused variable 'initialDeltaT' [-Wunused-variable]
    1 | scalar initialDeltaT = -VGREAT;
      |        ^~~~~~~~~~~~~
In file included from twoPhaseMixingCentralDyMFoam.C:66:
../../pimpleCentral/lnInclude/createCentralCourantNo.H:2:8: warning: variable 'meanCoNum' set but not used [-Wunused-but-set-variable]
    2 | scalar meanCoNum = 0.0;
      |        ^
5 warnings generated.
icpx -std=c++14 -fp-model precise -pthread -DOPENFOAM=2312 -DWM_DP -DWM_LABEL_SIZE=64 -Wall -Wextra -Wnon-virtual-dtor -Wno-unused-parameter -Wno-invalid-offsetof -Wno-unknown-pragmas -Wno-undefined-var-template -diag-disable 327,654,1125,1292,2289,2304,11062,11074,11076 -O3 -march=westmere -frounding-math  -DNoRepository  -I./ -I/home/kol/OpenFOAM/OpenFOAM-v2312/src/finiteVolume/lnInclude -I/home/kol/OpenFOAM/OpenFOAM-v2312/src/meshTools/lnInclude -I/home/kol/OpenFOAM/OpenFOAM-v2312/src/sampling/lnInclude -I/home/kol/OpenFOAM/OpenFOAM-v2312/src/fvOptions/lnInclude -I/home/kol/OpenFOAM/OpenFOAM-v2312/src/transportModels/compressible/lnInclude -I/home/kol/OpenFOAM/OpenFOAM-v2312/src/thermophysicalModels/basic/lnInclude -I/home/kol/OpenFOAM/OpenFOAM-v2312/src/TurbulenceModels/turbulenceModels/lnInclude -I/home/kol/OpenFOAM/OpenFOAM-v2312/src/TurbulenceModels/compressible/lnInclude -I/home/kol/OpenFOAM/OpenFOAM-v2312/src/dynamicFvMesh/lnInclude -I/home/kol/OpenFOAM/OpenFOAM-v2312/src/dynamicMesh/lnInclude -I../ -I../../pimpleCentral/lnInclude -iquote. -IlnInclude -I/home/kol/OpenFOAM/OpenFOAM-v2312/src/OpenFOAM/lnInclude -I/home/kol/OpenFOAM/OpenFOAM-v2312/src/OSspecific/POSIX/lnInclude   -fPIC -fiopenmp -Xlinker --add-needed -Xlinker --no-as-needed  Make/linux64IcxDPInt64Opt/twoPhaseMixingCentralDyMFoam.o -L/home/kol/OpenFOAM/OpenFOAM-v2312/platforms/linux64IcxDPInt64Opt/lib \
    -L/home/kol/OpenFOAM/kol-v2312/platforms/linux64IcxDPInt64Opt/lib -lpimpleCentral -lcompressibleTransportModels -lfluidThermophysicalModels -lspecie -lturbulenceModels -lcompressibleTurbulenceModels -lfiniteVolume -lmeshTools -lthermoTools -lsampling -lfvOptions -ldynamicFvMesh -ltopoChangerFvMesh -ldynamicMesh -lOpenFOAM -ldl -fiopenmp \
     -lm -o /home/kol/OpenFOAM/kol-v2312/platforms/linux64IcxDPInt64Opt/bin/twoPhaseMixingCentralDyMFoam
+ cd ../
+ wmake
Making dependencies: chtMultiRegionCentralFoam.C
icpx -std=c++14 -fp-model precise -pthread -DOPENFOAM=2312 -DWM_DP -DWM_LABEL_SIZE=64 -Wall -Wextra -Wnon-virtual-dtor -Wno-unused-parameter -Wno-invalid-offsetof -Wno-unknown-pragmas -Wno-undefined-var-template -diag-disable 327,654,1125,1292,2289,2304,11062,11074,11076 -O3 -march=westmere -frounding-math  -DNoRepository  -I../pimpleCentral/lnInclude -I/home/kol/OpenFOAM/OpenFOAM-v2312/src/finiteVolume/lnInclude -I/home/kol/OpenFOAM/OpenFOAM-v2312/src/transportModels/compressible/lnInclude -I/home/kol/OpenFOAM/OpenFOAM-v2312/src/thermophysicalModels/basic/lnInclude -I/home/kol/OpenFOAM/OpenFOAM-v2312/src/thermophysicalModels/specie/lnInclude -I/home/kol/OpenFOAM/OpenFOAM-v2312/src/thermophysicalModels/solidThermo/lnInclude -I/home/kol/OpenFOAM/OpenFOAM-v2312/src/TurbulenceModels/turbulenceModels/lnInclude -I/home/kol/OpenFOAM/OpenFOAM-v2312/src/TurbulenceModels/compressible/lnInclude -I/home/kol/OpenFOAM/OpenFOAM-v2312/src/thermophysicalModels/radiation/lnInclude -I/home/kol/OpenFOAM/OpenFOAM-v2312/src/regionModels/regionModel/lnInclude -I/home/kol/OpenFOAM/OpenFOAM-v2312/src/meshTools/lnInclude -I/home/kol/OpenFOAM/OpenFOAM-v2312/src/sampling/lnInclude -I/home/kol/OpenFOAM/OpenFOAM-v2312/src/fvOptions/lnInclude -I./solid -I./fluid -iquote. -IlnInclude -I/home/kol/OpenFOAM/OpenFOAM-v2312/src/OpenFOAM/lnInclude -I/home/kol/OpenFOAM/OpenFOAM-v2312/src/OSspecific/POSIX/lnInclude   -fPIC -fiopenmp -c chtMultiRegionCentralFoam.C -o Make/linux64IcxDPInt64Opt/chtMultiRegionCentralFoam.o
In file included from chtMultiRegionCentralFoam.C:66:
../pimpleCentral/lnInclude/createRDeltaTVariables.H:1:8: warning: unused variable 'initialDeltaT' [-Wunused-variable]
    1 | scalar initialDeltaT = -VGREAT;
      |        ^~~~~~~~~~~~~
In file included from chtMultiRegionCentralFoam.C:69:
In file included from ./createFields.H:1:
In file included from ./fluid/createFluidFields.H:119:
../pimpleCentral/lnInclude/createCentralCourantNo.H:2:8: warning: variable 'meanCoNum' set but not used [-Wunused-but-set-variable]
    2 | scalar meanCoNum = 0.0;
      |        ^
2 warnings generated.
icpx -std=c++14 -fp-model precise -pthread -DOPENFOAM=2312 -DWM_DP -DWM_LABEL_SIZE=64 -Wall -Wextra -Wnon-virtual-dtor -Wno-unused-parameter -Wno-invalid-offsetof -Wno-unknown-pragmas -Wno-undefined-var-template -diag-disable 327,654,1125,1292,2289,2304,11062,11074,11076 -O3 -march=westmere -frounding-math  -DNoRepository  -I../pimpleCentral/lnInclude -I/home/kol/OpenFOAM/OpenFOAM-v2312/src/finiteVolume/lnInclude -I/home/kol/OpenFOAM/OpenFOAM-v2312/src/transportModels/compressible/lnInclude -I/home/kol/OpenFOAM/OpenFOAM-v2312/src/thermophysicalModels/basic/lnInclude -I/home/kol/OpenFOAM/OpenFOAM-v2312/src/thermophysicalModels/specie/lnInclude -I/home/kol/OpenFOAM/OpenFOAM-v2312/src/thermophysicalModels/solidThermo/lnInclude -I/home/kol/OpenFOAM/OpenFOAM-v2312/src/TurbulenceModels/turbulenceModels/lnInclude -I/home/kol/OpenFOAM/OpenFOAM-v2312/src/TurbulenceModels/compressible/lnInclude -I/home/kol/OpenFOAM/OpenFOAM-v2312/src/thermophysicalModels/radiation/lnInclude -I/home/kol/OpenFOAM/OpenFOAM-v2312/src/regionModels/regionModel/lnInclude -I/home/kol/OpenFOAM/OpenFOAM-v2312/src/meshTools/lnInclude -I/home/kol/OpenFOAM/OpenFOAM-v2312/src/sampling/lnInclude -I/home/kol/OpenFOAM/OpenFOAM-v2312/src/fvOptions/lnInclude -I./solid -I./fluid -iquote. -IlnInclude -I/home/kol/OpenFOAM/OpenFOAM-v2312/src/OpenFOAM/lnInclude -I/home/kol/OpenFOAM/OpenFOAM-v2312/src/OSspecific/POSIX/lnInclude   -fPIC -fiopenmp -Xlinker --add-needed -Xlinker --no-as-needed  Make/linux64IcxDPInt64Opt/chtMultiRegionCentralFoam.o -L/home/kol/OpenFOAM/OpenFOAM-v2312/platforms/linux64IcxDPInt64Opt/lib \
    -L/home/kol/OpenFOAM/kol-v2312/platforms/linux64IcxDPInt64Opt/lib -lpimpleCentral -lfiniteVolume -lfluidThermophysicalModels -lspecie -lturbulenceModels -lcompressibleTransportModels -lcompressibleTurbulenceModels -lmeshTools -lfvOptions -lsolidThermo -lradiationModels -lregionModels -lthermoTools -lsampling -lOpenFOAM -ldl -fiopenmp \
     -lm -o /home/kol/OpenFOAM/kol-v2312/platforms/linux64IcxDPInt64Opt/bin/chtMultiRegionCentralFoam
+ wmake
Making dependencies: interTwoPhaseCentralFoamApp.C
Making dependencies: interTwoPhaseCentralFoamTerms.C
Making dependencies: interTwoPhaseCentralFoamEqns.C
Making dependencies: interTwoPhaseCentralFoam.C
icpx -std=c++14 -fp-model precise -pthread -DOPENFOAM=2312 -DWM_DP -DWM_LABEL_SIZE=64 -Wall -Wextra -Wnon-virtual-dtor -Wno-unused-parameter -Wno-invalid-offsetof -Wno-unknown-pragmas -Wno-undefined-var-template -diag-disable 327,654,1125,1292,2289,2304,11062,11074,11076 -O3 -march=westmere -frounding-math  -DNoRepository  -I../pimpleCentral/lnInclude -I/home/kol/OpenFOAM/OpenFOAM-v2312/src/finiteVolume/lnInclude -I/home/kol/OpenFOAM/OpenFOAM-v2312/src/transportModels/interfaceProperties/lnInclude -I/home/kol/OpenFOAM/OpenFOAM-v2312/src/transportModels/compressible/lnInclude -I/home/kol/OpenFOAM/OpenFOAM-v2312/src/thermophysicalModels/basic/lnInclude -I/home/kol/OpenFOAM/OpenFOAM-v2312/src/thermophysicalModels/specie/lnInclude -I/home/kol/OpenFOAM/OpenFOAM-v2312/src/TurbulenceModels/turbulenceModels/lnInclude -I/home/kol/OpenFOAM/OpenFOAM-v2312/src/TurbulenceModels/compressible/lnInclude -I/home/kol/OpenFOAM/OpenFOAM-v2312/src/dynamicMesh/lnInclude -I/home/kol/OpenFOAM/OpenFOAM-v2312/src/meshTools/lnInclude -I/home/kol/OpenFOAM/OpenFOAM-v2312/src/fvOptions/lnInclude -iquote. -IlnInclude -I/home/kol/OpenFOAM/OpenFOAM-v2312/src/OpenFOAM/lnInclude -I/home/kol/OpenFOAM/OpenFOAM-v2312/src/OSspecific/POSIX/lnInclude   -fPIC -fiopenmp -c interTwoPhaseCentralFoam.C -o Make/linux64IcxDPInt64Opt/interTwoPhaseCentralFoam.o
icpx -std=c++14 -fp-model precise -pthread -DOPENFOAM=2312 -DWM_DP -DWM_LABEL_SIZE=64 -Wall -Wextra -Wnon-virtual-dtor -Wno-unused-parameter -Wno-invalid-offsetof -Wno-unknown-pragmas -Wno-undefined-var-template -diag-disable 327,654,1125,1292,2289,2304,11062,11074,11076 -O3 -march=westmere -frounding-math  -DNoRepository  -I../pimpleCentral/lnInclude -I/home/kol/OpenFOAM/OpenFOAM-v2312/src/finiteVolume/lnInclude -I/home/kol/OpenFOAM/OpenFOAM-v2312/src/transportModels/interfaceProperties/lnInclude -I/home/kol/OpenFOAM/OpenFOAM-v2312/src/transportModels/compressible/lnInclude -I/home/kol/OpenFOAM/OpenFOAM-v2312/src/thermophysicalModels/basic/lnInclude -I/home/kol/OpenFOAM/OpenFOAM-v2312/src/thermophysicalModels/specie/lnInclude -I/home/kol/OpenFOAM/OpenFOAM-v2312/src/TurbulenceModels/turbulenceModels/lnInclude -I/home/kol/OpenFOAM/OpenFOAM-v2312/src/TurbulenceModels/compressible/lnInclude -I/home/kol/OpenFOAM/OpenFOAM-v2312/src/dynamicMesh/lnInclude -I/home/kol/OpenFOAM/OpenFOAM-v2312/src/meshTools/lnInclude -I/home/kol/OpenFOAM/OpenFOAM-v2312/src/fvOptions/lnInclude -iquote. -IlnInclude -I/home/kol/OpenFOAM/OpenFOAM-v2312/src/OpenFOAM/lnInclude -I/home/kol/OpenFOAM/OpenFOAM-v2312/src/OSspecific/POSIX/lnInclude   -fPIC -fiopenmp -c interTwoPhaseCentralFoamEqns.C -o Make/linux64IcxDPInt64Opt/interTwoPhaseCentralFoamEqns.o
icpx -std=c++14 -fp-model precise -pthread -DOPENFOAM=2312 -DWM_DP -DWM_LABEL_SIZE=64 -Wall -Wextra -Wnon-virtual-dtor -Wno-unused-parameter -Wno-invalid-offsetof -Wno-unknown-pragmas -Wno-undefined-var-template -diag-disable 327,654,1125,1292,2289,2304,11062,11074,11076 -O3 -march=westmere -frounding-math  -DNoRepository  -I../pimpleCentral/lnInclude -I/home/kol/OpenFOAM/OpenFOAM-v2312/src/finiteVolume/lnInclude -I/home/kol/OpenFOAM/OpenFOAM-v2312/src/transportModels/interfaceProperties/lnInclude -I/home/kol/OpenFOAM/OpenFOAM-v2312/src/transportModels/compressible/lnInclude -I/home/kol/OpenFOAM/OpenFOAM-v2312/src/thermophysicalModels/basic/lnInclude -I/home/kol/OpenFOAM/OpenFOAM-v2312/src/thermophysicalModels/specie/lnInclude -I/home/kol/OpenFOAM/OpenFOAM-v2312/src/TurbulenceModels/turbulenceModels/lnInclude -I/home/kol/OpenFOAM/OpenFOAM-v2312/src/TurbulenceModels/compressible/lnInclude -I/home/kol/OpenFOAM/OpenFOAM-v2312/src/dynamicMesh/lnInclude -I/home/kol/OpenFOAM/OpenFOAM-v2312/src/meshTools/lnInclude -I/home/kol/OpenFOAM/OpenFOAM-v2312/src/fvOptions/lnInclude -iquote. -IlnInclude -I/home/kol/OpenFOAM/OpenFOAM-v2312/src/OpenFOAM/lnInclude -I/home/kol/OpenFOAM/OpenFOAM-v2312/src/OSspecific/POSIX/lnInclude   -fPIC -fiopenmp -c interTwoPhaseCentralFoamTerms.C -o Make/linux64IcxDPInt64Opt/interTwoPhaseCentralFoamTerms.o
icpx -std=c++14 -fp-model precise -pthread -DOPENFOAM=2312 -DWM_DP -DWM_LABEL_SIZE=64 -Wall -Wextra -Wnon-virtual-dtor -Wno-unused-parameter -Wno-invalid-offsetof -Wno-unknown-pragmas -Wno-undefined-var-template -diag-disable 327,654,1125,1292,2289,2304,11062,11074,11076 -O3 -march=westmere -frounding-math  -DNoRepository  -I../pimpleCentral/lnInclude -I/home/kol/OpenFOAM/OpenFOAM-v2312/src/finiteVolume/lnInclude -I/home/kol/OpenFOAM/OpenFOAM-v2312/src/transportModels/interfaceProperties/lnInclude -I/home/kol/OpenFOAM/OpenFOAM-v2312/src/transportModels/compressible/lnInclude -I/home/kol/OpenFOAM/OpenFOAM-v2312/src/thermophysicalModels/basic/lnInclude -I/home/kol/OpenFOAM/OpenFOAM-v2312/src/thermophysicalModels/specie/lnInclude -I/home/kol/OpenFOAM/OpenFOAM-v2312/src/TurbulenceModels/turbulenceModels/lnInclude -I/home/kol/OpenFOAM/OpenFOAM-v2312/src/TurbulenceModels/compressible/lnInclude -I/home/kol/OpenFOAM/OpenFOAM-v2312/src/dynamicMesh/lnInclude -I/home/kol/OpenFOAM/OpenFOAM-v2312/src/meshTools/lnInclude -I/home/kol/OpenFOAM/OpenFOAM-v2312/src/fvOptions/lnInclude -iquote. -IlnInclude -I/home/kol/OpenFOAM/OpenFOAM-v2312/src/OpenFOAM/lnInclude -I/home/kol/OpenFOAM/OpenFOAM-v2312/src/OSspecific/POSIX/lnInclude   -fPIC -fiopenmp -c interTwoPhaseCentralFoamApp.C -o Make/linux64IcxDPInt64Opt/interTwoPhaseCentralFoamApp.o
icpx -std=c++14 -fp-model precise -pthread -DOPENFOAM=2312 -DWM_DP -DWM_LABEL_SIZE=64 -Wall -Wextra -Wnon-virtual-dtor -Wno-unused-parameter -Wno-invalid-offsetof -Wno-unknown-pragmas -Wno-undefined-var-template -diag-disable 327,654,1125,1292,2289,2304,11062,11074,11076 -O3 -march=westmere -frounding-math  -DNoRepository  -I../pimpleCentral/lnInclude -I/home/kol/OpenFOAM/OpenFOAM-v2312/src/finiteVolume/lnInclude -I/home/kol/OpenFOAM/OpenFOAM-v2312/src/transportModels/interfaceProperties/lnInclude -I/home/kol/OpenFOAM/OpenFOAM-v2312/src/transportModels/compressible/lnInclude -I/home/kol/OpenFOAM/OpenFOAM-v2312/src/thermophysicalModels/basic/lnInclude -I/home/kol/OpenFOAM/OpenFOAM-v2312/src/thermophysicalModels/specie/lnInclude -I/home/kol/OpenFOAM/OpenFOAM-v2312/src/TurbulenceModels/turbulenceModels/lnInclude -I/home/kol/OpenFOAM/OpenFOAM-v2312/src/TurbulenceModels/compressible/lnInclude -I/home/kol/OpenFOAM/OpenFOAM-v2312/src/dynamicMesh/lnInclude -I/home/kol/OpenFOAM/OpenFOAM-v2312/src/meshTools/lnInclude -I/home/kol/OpenFOAM/OpenFOAM-v2312/src/fvOptions/lnInclude -iquote. -IlnInclude -I/home/kol/OpenFOAM/OpenFOAM-v2312/src/OpenFOAM/lnInclude -I/home/kol/OpenFOAM/OpenFOAM-v2312/src/OSspecific/POSIX/lnInclude   -fPIC -fiopenmp -Xlinker --add-needed -Xlinker --no-as-needed  Make/linux64IcxDPInt64Opt/interTwoPhaseCentralFoam.o Make/linux64IcxDPInt64Opt/interTwoPhaseCentralFoamEqns.o Make/linux64IcxDPInt64Opt/interTwoPhaseCentralFoamTerms.o Make/linux64IcxDPInt64Opt/interTwoPhaseCentralFoamApp.o -L/home/kol/OpenFOAM/OpenFOAM-v2312/platforms/linux64IcxDPInt64Opt/lib \
    -L/home/kol/OpenFOAM/kol-v2312/platforms/linux64IcxDPInt64Opt/lib -lfiniteVolume -lfluidThermophysicalModels -lspecie -lturbulenceModels -lcompressibleTransportModels -lcompressibleTurbulenceModels -lmeshTools -linterfaceProperties -lfvOptions -lthermoTools -lpimpleCentral -lOpenFOAM -ldl -fiopenmp \
     -lm -o /home/kol/OpenFOAM/kol-v2312/platforms/linux64IcxDPInt64Opt/bin/interTwoPhaseCentralFoam
+ wmake
Making dependencies: vofTwoPhaseCentralFoamApp.C
Making dependencies: vofTwoPhaseCentralFoamTerms.C
Making dependencies: vofTwoPhaseCentralFoamEqns.C
Making dependencies: vofTwoPhaseCentralFoam.C
Making dependencies: quasiIncompressibleTwoPhaseMixture.C
icpx -std=c++14 -fp-model precise -pthread -DOPENFOAM=2312 -DWM_DP -DWM_LABEL_SIZE=64 -Wall -Wextra -Wnon-virtual-dtor -Wno-unused-parameter -Wno-invalid-offsetof -Wno-unknown-pragmas -Wno-undefined-var-template -diag-disable 327,654,1125,1292,2289,2304,11062,11074,11076 -O3 -march=westmere -frounding-math  -DNoRepository  -I../pimpleCentral/lnInclude -I/home/kol/OpenFOAM/OpenFOAM-v2312/src/finiteVolume/lnInclude -I/home/kol/OpenFOAM/OpenFOAM-v2312/src/transportModels/interfaceProperties/lnInclude -I/home/kol/OpenFOAM/OpenFOAM-v2312/src/transportModels -I/home/kol/OpenFOAM/OpenFOAM-v2312/src/TurbulenceModels/turbulenceModels/lnInclude -I/home/kol/OpenFOAM/OpenFOAM-v2312/src/TurbulenceModels/incompressible/lnInclude -I/home/kol/OpenFOAM/OpenFOAM-v2312/src/dynamicMesh/lnInclude -I/home/kol/OpenFOAM/OpenFOAM-v2312/src/meshTools/lnInclude -I/home/kol/OpenFOAM/OpenFOAM-v2312/src/fvOptions/lnInclude -iquote. -IlnInclude -I/home/kol/OpenFOAM/OpenFOAM-v2312/src/OpenFOAM/lnInclude -I/home/kol/OpenFOAM/OpenFOAM-v2312/src/OSspecific/POSIX/lnInclude   -fPIC -fiopenmp -c quasiIncompressibleTwoPhaseMixture.C -o Make/linux64IcxDPInt64Opt/quasiIncompressibleTwoPhaseMixture.o
icpx -std=c++14 -fp-model precise -pthread -DOPENFOAM=2312 -DWM_DP -DWM_LABEL_SIZE=64 -Wall -Wextra -Wnon-virtual-dtor -Wno-unused-parameter -Wno-invalid-offsetof -Wno-unknown-pragmas -Wno-undefined-var-template -diag-disable 327,654,1125,1292,2289,2304,11062,11074,11076 -O3 -march=westmere -frounding-math  -DNoRepository  -I../pimpleCentral/lnInclude -I/home/kol/OpenFOAM/OpenFOAM-v2312/src/finiteVolume/lnInclude -I/home/kol/OpenFOAM/OpenFOAM-v2312/src/transportModels/interfaceProperties/lnInclude -I/home/kol/OpenFOAM/OpenFOAM-v2312/src/transportModels -I/home/kol/OpenFOAM/OpenFOAM-v2312/src/TurbulenceModels/turbulenceModels/lnInclude -I/home/kol/OpenFOAM/OpenFOAM-v2312/src/TurbulenceModels/incompressible/lnInclude -I/home/kol/OpenFOAM/OpenFOAM-v2312/src/dynamicMesh/lnInclude -I/home/kol/OpenFOAM/OpenFOAM-v2312/src/meshTools/lnInclude -I/home/kol/OpenFOAM/OpenFOAM-v2312/src/fvOptions/lnInclude -iquote. -IlnInclude -I/home/kol/OpenFOAM/OpenFOAM-v2312/src/OpenFOAM/lnInclude -I/home/kol/OpenFOAM/OpenFOAM-v2312/src/OSspecific/POSIX/lnInclude   -fPIC -fiopenmp -c vofTwoPhaseCentralFoam.C -o Make/linux64IcxDPInt64Opt/vofTwoPhaseCentralFoam.o
icpx -std=c++14 -fp-model precise -pthread -DOPENFOAM=2312 -DWM_DP -DWM_LABEL_SIZE=64 -Wall -Wextra -Wnon-virtual-dtor -Wno-unused-parameter -Wno-invalid-offsetof -Wno-unknown-pragmas -Wno-undefined-var-template -diag-disable 327,654,1125,1292,2289,2304,11062,11074,11076 -O3 -march=westmere -frounding-math  -DNoRepository  -I../pimpleCentral/lnInclude -I/home/kol/OpenFOAM/OpenFOAM-v2312/src/finiteVolume/lnInclude -I/home/kol/OpenFOAM/OpenFOAM-v2312/src/transportModels/interfaceProperties/lnInclude -I/home/kol/OpenFOAM/OpenFOAM-v2312/src/transportModels -I/home/kol/OpenFOAM/OpenFOAM-v2312/src/TurbulenceModels/turbulenceModels/lnInclude -I/home/kol/OpenFOAM/OpenFOAM-v2312/src/TurbulenceModels/incompressible/lnInclude -I/home/kol/OpenFOAM/OpenFOAM-v2312/src/dynamicMesh/lnInclude -I/home/kol/OpenFOAM/OpenFOAM-v2312/src/meshTools/lnInclude -I/home/kol/OpenFOAM/OpenFOAM-v2312/src/fvOptions/lnInclude -iquote. -IlnInclude -I/home/kol/OpenFOAM/OpenFOAM-v2312/src/OpenFOAM/lnInclude -I/home/kol/OpenFOAM/OpenFOAM-v2312/src/OSspecific/POSIX/lnInclude   -fPIC -fiopenmp -c vofTwoPhaseCentralFoamEqns.C -o Make/linux64IcxDPInt64Opt/vofTwoPhaseCentralFoamEqns.o
icpx -std=c++14 -fp-model precise -pthread -DOPENFOAM=2312 -DWM_DP -DWM_LABEL_SIZE=64 -Wall -Wextra -Wnon-virtual-dtor -Wno-unused-parameter -Wno-invalid-offsetof -Wno-unknown-pragmas -Wno-undefined-var-template -diag-disable 327,654,1125,1292,2289,2304,11062,11074,11076 -O3 -march=westmere -frounding-math  -DNoRepository  -I../pimpleCentral/lnInclude -I/home/kol/OpenFOAM/OpenFOAM-v2312/src/finiteVolume/lnInclude -I/home/kol/OpenFOAM/OpenFOAM-v2312/src/transportModels/interfaceProperties/lnInclude -I/home/kol/OpenFOAM/OpenFOAM-v2312/src/transportModels -I/home/kol/OpenFOAM/OpenFOAM-v2312/src/TurbulenceModels/turbulenceModels/lnInclude -I/home/kol/OpenFOAM/OpenFOAM-v2312/src/TurbulenceModels/incompressible/lnInclude -I/home/kol/OpenFOAM/OpenFOAM-v2312/src/dynamicMesh/lnInclude -I/home/kol/OpenFOAM/OpenFOAM-v2312/src/meshTools/lnInclude -I/home/kol/OpenFOAM/OpenFOAM-v2312/src/fvOptions/lnInclude -iquote. -IlnInclude -I/home/kol/OpenFOAM/OpenFOAM-v2312/src/OpenFOAM/lnInclude -I/home/kol/OpenFOAM/OpenFOAM-v2312/src/OSspecific/POSIX/lnInclude   -fPIC -fiopenmp -c vofTwoPhaseCentralFoamTerms.C -o Make/linux64IcxDPInt64Opt/vofTwoPhaseCentralFoamTerms.o
icpx -std=c++14 -fp-model precise -pthread -DOPENFOAM=2312 -DWM_DP -DWM_LABEL_SIZE=64 -Wall -Wextra -Wnon-virtual-dtor -Wno-unused-parameter -Wno-invalid-offsetof -Wno-unknown-pragmas -Wno-undefined-var-template -diag-disable 327,654,1125,1292,2289,2304,11062,11074,11076 -O3 -march=westmere -frounding-math  -DNoRepository  -I../pimpleCentral/lnInclude -I/home/kol/OpenFOAM/OpenFOAM-v2312/src/finiteVolume/lnInclude -I/home/kol/OpenFOAM/OpenFOAM-v2312/src/transportModels/interfaceProperties/lnInclude -I/home/kol/OpenFOAM/OpenFOAM-v2312/src/transportModels -I/home/kol/OpenFOAM/OpenFOAM-v2312/src/TurbulenceModels/turbulenceModels/lnInclude -I/home/kol/OpenFOAM/OpenFOAM-v2312/src/TurbulenceModels/incompressible/lnInclude -I/home/kol/OpenFOAM/OpenFOAM-v2312/src/dynamicMesh/lnInclude -I/home/kol/OpenFOAM/OpenFOAM-v2312/src/meshTools/lnInclude -I/home/kol/OpenFOAM/OpenFOAM-v2312/src/fvOptions/lnInclude -iquote. -IlnInclude -I/home/kol/OpenFOAM/OpenFOAM-v2312/src/OpenFOAM/lnInclude -I/home/kol/OpenFOAM/OpenFOAM-v2312/src/OSspecific/POSIX/lnInclude   -fPIC -fiopenmp -c vofTwoPhaseCentralFoamApp.C -o Make/linux64IcxDPInt64Opt/vofTwoPhaseCentralFoamApp.o
vofTwoPhaseCentralFoamApp.C:40:12: warning: unused variable 'meanCoNum' [-Wunused-variable]
   40 |     scalar meanCoNum = 0.0;
      |            ^~~~~~~~~
1 warning generated.
icpx -std=c++14 -fp-model precise -pthread -DOPENFOAM=2312 -DWM_DP -DWM_LABEL_SIZE=64 -Wall -Wextra -Wnon-virtual-dtor -Wno-unused-parameter -Wno-invalid-offsetof -Wno-unknown-pragmas -Wno-undefined-var-template -diag-disable 327,654,1125,1292,2289,2304,11062,11074,11076 -O3 -march=westmere -frounding-math  -DNoRepository  -I../pimpleCentral/lnInclude -I/home/kol/OpenFOAM/OpenFOAM-v2312/src/finiteVolume/lnInclude -I/home/kol/OpenFOAM/OpenFOAM-v2312/src/transportModels/interfaceProperties/lnInclude -I/home/kol/OpenFOAM/OpenFOAM-v2312/src/transportModels -I/home/kol/OpenFOAM/OpenFOAM-v2312/src/TurbulenceModels/turbulenceModels/lnInclude -I/home/kol/OpenFOAM/OpenFOAM-v2312/src/TurbulenceModels/incompressible/lnInclude -I/home/kol/OpenFOAM/OpenFOAM-v2312/src/dynamicMesh/lnInclude -I/home/kol/OpenFOAM/OpenFOAM-v2312/src/meshTools/lnInclude -I/home/kol/OpenFOAM/OpenFOAM-v2312/src/fvOptions/lnInclude -iquote. -IlnInclude -I/home/kol/OpenFOAM/OpenFOAM-v2312/src/OpenFOAM/lnInclude -I/home/kol/OpenFOAM/OpenFOAM-v2312/src/OSspecific/POSIX/lnInclude   -fPIC -fiopenmp -Xlinker --add-needed -Xlinker --no-as-needed  Make/linux64IcxDPInt64Opt/quasiIncompressibleTwoPhaseMixture.o Make/linux64IcxDPInt64Opt/vofTwoPhaseCentralFoam.o Make/linux64IcxDPInt64Opt/vofTwoPhaseCentralFoamEqns.o Make/linux64IcxDPInt64Opt/vofTwoPhaseCentralFoamTerms.o Make/linux64IcxDPInt64Opt/vofTwoPhaseCentralFoamApp.o -L/home/kol/OpenFOAM/OpenFOAM-v2312/platforms/linux64IcxDPInt64Opt/lib \
    -L/home/kol/OpenFOAM/kol-v2312/platforms/linux64IcxDPInt64Opt/lib -lfiniteVolume -lspecie -lturbulenceModels -lcompressibleTransportModels -lmeshTools -linterfaceProperties -lfvOptions -lthermoTools -lpimpleCentral -lOpenFOAM -ldl -fiopenmp \
     -lm -o /home/kol/OpenFOAM/kol-v2312/platforms/linux64IcxDPInt64Opt/bin/vofTwoPhaseCentralFoam
