This is pdfTeX, Version 3.141592653-2.6-1.40.25 (TeX Live 2023/Debian) (preloaded format=latex 2026.7.27)  17 SEP 2026 08:02
entering extended mode
 restricted \write18 enabled.
 %&-line parsing enabled.
**_formulas_dark
(./_formulas_dark.tex
LaTeX2e <2023-11-01> patch level 1
L3 programming layer <2024-01-22>
(/usr/share/texlive/texmf-dist/tex/latex/base/article.cls
Document Class: article 2023/05/17 v1.4n Standard LaTeX document class
(/usr/share/texlive/texmf-dist/tex/latex/base/size10.clo
File: size10.clo 2023/05/17 v1.4n Standard LaTeX file (size option)
)
\c@part=\count187
\c@section=\count188
\c@subsection=\count189
\c@subsubsection=\count190
\c@paragraph=\count191
\c@subparagraph=\count192
\c@figure=\count193
\c@table=\count194
\abovecaptionskip=\skip48
\belowcaptionskip=\skip49
\bibindent=\dimen140
) (/usr/share/texlive/texmf-dist/tex/latex/base/ifthen.sty
Package: ifthen 2022/04/13 v1.1d Standard LaTeX ifthen package (DPC)
) (/usr/share/texlive/texmf-dist/tex/latex/graphics/epsfig.sty
Package: epsfig 2017/06/25 v1.7b (e)psfig emulation (SPQR)
(/usr/share/texlive/texmf-dist/tex/latex/graphics/graphicx.sty
Package: graphicx 2021/09/16 v1.2d Enhanced LaTeX Graphics (DPC,SPQR)
(/usr/share/texlive/texmf-dist/tex/latex/graphics/keyval.sty
Package: keyval 2022/05/29 v1.15 key=value parser (DPC)
\KV@toks@=\toks17
) (/usr/share/texlive/texmf-dist/tex/latex/graphics/graphics.sty
Package: graphics 2022/03/10 v1.4e Standard LaTeX Graphics (DPC,SPQR)
(/usr/share/texlive/texmf-dist/tex/latex/graphics/trig.sty
Package: trig 2021/08/11 v1.11 sin cos tan (DPC)
) (/usr/share/texlive/texmf-dist/tex/latex/graphics-cfg/graphics.cfg
File: graphics.cfg 2016/06/04 v1.11 sample graphics configuration
)
Package graphics Info: Driver file: dvips.def on input line 107.
(/usr/share/texlive/texmf-dist/tex/latex/graphics-def/dvips.def
File: dvips.def 2022/09/22 v3.1e Graphics/color driver for dvips
))
\Gin@req@height=\dimen141
\Gin@req@width=\dimen142
)
\epsfxsize=\dimen143
\epsfysize=\dimen144
) (/usr/share/texlive/texmf-dist/tex/latex/base/inputenc.sty
Package: inputenc 2021/02/14 v1.3d Input encoding file
\inpenc@prehook=\toks18
\inpenc@posthook=\toks19
) (/usr/share/texlive/texmf-dist/tex/latex/xcolor/xcolor.sty
Package: xcolor 2023/11/15 v3.01 LaTeX color extensions (UK)
(/usr/share/texlive/texmf-dist/tex/latex/graphics-cfg/color.cfg
File: color.cfg 2016/01/02 v1.6 sample color configuration
)
Package xcolor Info: Driver file: dvips.def on input line 274.
(/usr/share/texlive/texmf-dist/tex/latex/graphics/mathcolor.ltx)
Package xcolor Info: Model `cmy' substituted by `cmy0' on input line 1350.
Package xcolor Info: Model `RGB' extended on input line 1366.
Package xcolor Info: Model `HTML' substituted by `rgb' on input line 1368.
Package xcolor Info: Model `Hsb' substituted by `hsb' on input line 1369.
Package xcolor Info: Model `tHsb' substituted by `hsb' on input line 1370.
Package xcolor Info: Model `HSB' substituted by `hsb' on input line 1371.
Package xcolor Info: Model `Gray' substituted by `gray' on input line 1372.
Package xcolor Info: Model `wave' substituted by `hsb' on input line 1373.
) (/home/kol/OpenFOAM/OpenFOAM-v2312/doc/Doxygen/Macros/tensorOperator.sty
\skewslength=\skip50
\skewsheight=\skip51
) (/usr/share/texlive/texmf-dist/tex/latex/newunicodechar/newunicodechar.sty
Package: newunicodechar 2018/04/08 v1.2 Defining Unicode characters
) (/usr/share/texlive/texmf-dist/tex/latex/l3backend/l3backend-dvips.def
File: l3backend-dvips.def 2024-01-04 L3 backend support: dvips
\l__pdf_internal_box=\box51
\g__pdf_backend_object_int=\count195
\l__pdf_backend_content_box=\box52
\l__pdf_backend_model_box=\box53
\g__pdf_backend_annotation_int=\count196
\g__pdf_backend_link_int=\count197
\g__pdf_backend_link_sf_int=\count198
)
No file _formulas_dark.aux.
\openout1 = `_formulas_dark.aux'.

LaTeX Font Info:    Checking defaults for OML/cmm/m/it on input line 32.
LaTeX Font Info:    ... okay on input line 32.
LaTeX Font Info:    Checking defaults for OMS/cmsy/m/n on input line 32.
LaTeX Font Info:    ... okay on input line 32.
LaTeX Font Info:    Checking defaults for OT1/cmr/m/n on input line 32.
LaTeX Font Info:    ... okay on input line 32.
LaTeX Font Info:    Checking defaults for T1/cmr/m/n on input line 32.
LaTeX Font Info:    ... okay on input line 32.
LaTeX Font Info:    Checking defaults for TS1/cmr/m/n on input line 32.
LaTeX Font Info:    ... okay on input line 32.
LaTeX Font Info:    Checking defaults for OMX/cmex/m/n on input line 32.
LaTeX Font Info:    ... okay on input line 32.
LaTeX Font Info:    Checking defaults for U/cmr/m/n on input line 32.
LaTeX Font Info:    ... okay on input line 32.
LaTeX Font Info:    External font `cmex10' loaded for size
(Font)              <7> on input line 33.
LaTeX Font Info:    External font `cmex10' loaded for size
(Font)              <5> on input line 33.
[1

] [2] [3] [4] [5] [6] [7] [8] [9] [10] [11] [12] [13] [14] [15] [16] [17] [18] 
[19] [20] [21] [22] [23] [24] [25] [26] [27] [28] [29] [30] [31] [32] [33] [34]
[35] [36] [37] [38] [39] [40] [41] [42] [43] [44] [45] [46] [47] [48] [49] [50]
[51] [52] [53] [54] [55] [56] [57] [58] [59] [60] [61] [62] [63] [64] [65] [66]
[67] [68] [69] [70] [71] [72] [73] [74] [75] [76] [77] [78] [79] [80] [81] [82]
[83] [84] [85] [86] [87] [88] [89] [90] [91] [92] [93] [94] [95] [96] [97] [98]
[99] [100] [101] [102] [103] [104] [105] [106] [107] [108] [109] [110] [111] [1
12] [113] [114] [115] [116] [117] [118] [119] [120] [121] [122] [123] [124] [12
5] [126] [127] [128] [129] [130] [131] [132] [133] [134] [135] [136] [137] [138
] [139] [140] [141] [142] [143] [144] [145] [146] [147] [148] [149] [150] [151]
[152] [153] [154] [155] [156] [157] [158] [159] [160] [161] [162] [163] [164] [
165] [166] [167] [168] [169] [170] [171] [172] [173] [174] [175] [176] [177] [1
78] [179] [180] [181] [182] [183] [184] [185] [186] [187] [188] [189] [190] [19
1] [192] [193] [194] [195] [196] [197] [198] [199] [200] [201] [202] [203] [204
] [205] [206] [207] [208] [209] [210] [211] [212] [213] [214] [215] [216] [217]
[218] [219] [220] [221] [222] [223] [224] [225] [226] [227] [228] [229] [230] [
231] [232] [233] [234] [235] [236] [237] [238] [239] [240] [241] [242] [243] [2
44] [245] [246] [247] [248] [249] [250] [251] [252] [253] [254] [255] [256] [25
7] [258] [259] [260] [261] [262] [263] [264] [265] [266] [267] [268] [269] [270
] [271] [272] [273] [274] [275] [276] [277] [278] [279] [280] [281] [282] [283]
[284] [285] [286] [287] [288] [289] [290] [291] [292] [293] [294] [295] [296] [
297] [298] [299] [300] [301] [302] [303] [304] [305] [306] [307] [308] [309] [3
10] [311] [312] [313] [314] [315] [316] [317] [318] [319] [320] [321] [322] [32
3] [324] [325] [326] [327] [328] [329] [330] [331] [332] [333] [334] [335] [336
] [337] [338] [339] [340] [341] [342] [343] [344] [345] [346] [347] [348] [349]
[350] [351] [352] [353] [354] [355] [356] [357] [358] [359] [360] [361] [362] [
363] [364] [365] [366] [367] [368] [369] [370] [371] [372] [373] [374] [375] [3
76] [377] [378] [379] [380] [381] [382] [383] [384] [385] [386] [387] [388] [38
9] [390] [391] [392] [393] [394] [395] [396] [397] [398] [399] [400] [401] [402
] [403] [404] [405] [406] [407] [408] [409] [410] [411] [412] [413] [414] [415]
[416] [417] [418] [419] [420] [421] [422] [423] [424] [425] [426] [427] [428] [
429] [430] [431] [432] [433] [434] [435] [436] [437] [438] [439] [440] [441] [4
42] [443] [444] [445] [446] [447] [448] [449] [450] [451] [452] [453] [454] [45
5] [456] [457] [458] [459] [460] [461] [462] [463] [464] [465] [466] [467] [468
] [469] [470] [471] [472] [473] [474] [475] [476] [477] [478] [479] [480] [481]
[482] [483] [484] [485] [486] [487] [488] [489] [490] [491] [492] [493] [494] [
495] [496] [497] [498] [499] [500] [501] [502] [503] [504] [505] [506] [507] [5
08] [509] [510] [511] [512] [513] [514] [515] [516] [517] [518] [519] [520] [52
1] [522] [523] [524] [525] [526] [527] [528] [529] [530] [531] [532] [533] [534
] [535] [536] [537] [538] [539] [540] [541] [542] [543] [544] [545] [546] [547]
[548] [549] [550] [551] [552] [553] [554] [555] [556] [557] [558] [559] [560] [
561] [562] [563] [564] [565] [566] [567] [568] [569] [570] [571] [572] [573] [5
74] [575] [576] [577] [578] [579] [580] [581] [582] [583] [584] [585] [586] [58
7] [588] [589] [590] [591] [592] [593] [594] [595] [596] [597] [598] [599] [600
] [601] [602] [603] [604] [605] [606] [607] [608] [609] [610] [611] [612] [613]
[614] [615] [616] [617] [618] [619] [620] [621] [622] [623] [624] [625] [626] [
627] [628] [629] [630] [631] [632] [633] [634] [635] [636] [637] [638] [639] [6
40] [641] [642] [643] [644] [645] [646] [647] [648] [649] [650] [651] [652] [65
3] [654] [655] [656] [657] [658] [659] [660] [661] [662] [663] [664] [665] [666
] [667] [668] [669] [670] [671] [672] [673] [674] [675] [676] [677] [678] [679]
[680] [681] [682] [683] [684] [685] [686] [687] [688] [689] [690] [691] [692] [
693] [694] [695] [696] [697] [698] [699] [700] [701] [702] [703] [704] [705] [7
06] [707]
! Missing $ inserted.
<inserted text> 
                $
l.2744 
       
I've inserted a begin-math/end-math symbol since I think
you left one out. Proceed, with fingers crossed.

! Display math should end with $$.
<to be read again> 
                   \tex_par:D 
l.2744 
       
The `$' that I just saw supposedly matches a previous `$$'.
So I shall assume that you typed `$$' both times.


! LaTeX Error: Bad math environment delimiter.

See the LaTeX manual or LaTeX Companion for explanation.
Type  H <return>  for immediate help.
 ...                                              
                                                  
l.2746 \]
         
Your command was ignored.
Type  I <command> <return>  to replace it with another command,
or  <return>  to continue without it.

[708] [709] [710] [711] [712] [713] [714] [715] [716] [717] [718] [719] [720] [
721] [722] [723] [724] [725] [726] [727] [728] [729] [730] [731] [732] [733] [7
34] [735] [736] [737] [738] [739] [740] [741] [742] [743] [744] [745] [746] [74
7] [748] [749] [750] [751] [752] [753] [754] [755] [756] [757] [758] [759] [760
] [761] [762] [763] [764] [765] [766]
Overfull \hbox (45.44165pt too wide) detected at line 2983
\OT1/cmr/m/n/10 0\OML/cmm/m/it/10 :\OT1/cmr/m/n/10 5\OML/cmm/m/it/10 d[][] [] [
][] [] [][] []
 []

[767] [768] [769] [770] [771] [772] [773] [774] [775] [776] [777] [778] [779]
Overfull \hbox (106.994pt too wide) detected at line 3051
[] []
 []

[780] [781] [782] [783] [784] [785] [786] [787] [788] [789] [790] [791] [792] [
793] [794] [795] [796] [797] [798] [799] [800] [801] [802] [803] [804] [805] [8
06] [807] [808] [809] [810] [811] [812] [813] [814] [815] [816] [817] [818] [81
9] [820] [821] [822] [823] [824] [825] [826] [827] [828] [829] [830] [831] [832
] [833] [834] [835] [836] [837] [838] [839] [840] [841] [842] [843] [844] [845]
[846] [847] [848] [849] [850] [851] [852] [853] [854] [855] [856] [857] [858] [
859] [860] [861] [862] [863] [864] [865] [866] [867] [868] [869] [870] [871] [8
72] [873] [874] [875] [876] [877] [878] [879] [880] [881] [882] [883] [884] [88
5] [886] [887] [888] [889] [890] [891] [892] [893] [894] [895] [896] [897] [898
] [899] [900] [901] [902] [903] [904] [905] [906] [907] [908] [909] [910] [911]
[912] [913] [914] [915] [916] [917] [918] [919] [920] [921] [922] [923] [924] [
925] [926] [927] [928] [929] [930] [931] [932] [933] [934] [935] [936] [937] [9
38] [939] [940] [941] [942] [943] [944] [945] [946] [947] [948] [949] [950] [95
1] [952] [953] [954] [955] [956] [957] [958] [959] [960] [961] [962] [963] [964
] [965] [966] [967] [968] [969] [970] [971] [972] [973] [974] [975] [976] [977]
[978] [979] [980] [981] [982] [983] [984] [985] [986] [987] [988] [989] [990] [
991] [992] [993] [994] [995] [996] [997] [998] [999] [1000] [1001] [1002] [1003
] [1004] [1005] [1006] [1007] [1008] [1009] [1010] [1011] [1012] [1013] [1014] 
[1015] [1016] [1017] [1018] [1019] [1020] [1021] [1022] [1023] [1024] [1025] [1
026] [1027] [1028] [1029] [1030] [1031]

! LaTeX Error: Unicode character ​ (U+200B)
               not set up for use with LaTeX.

See the LaTeX manual or LaTeX Companion for explanation.
Type  H <return>  for immediate help.
 ...                                              
                                                  
l.4029 ...hi_i \alpha_i v_i^\tau \right)_{real}​
                                                  
You may provide a definition with
\DeclareUnicodeCharacter 

[1032]

! LaTeX Error: Unicode character ​ (U+200B)
               not set up for use with LaTeX.

See the LaTeX manual or LaTeX Companion for explanation.
Type  H <return>  for immediate help.
 ...                                              
                                                  
l.4034     \tau = \frac{t - t_o}{\Delta t}​
                                             
You may provide a definition with
\DeclareUnicodeCharacter 

[1033] [1034] [1035] [1036] [1037] [1038] [1039] [1040] [1041] [1042] [1043] [1
044] [1045] [1046] [1047] [1048] [1049] [1050] [1051] [1052] [1053] [1054] [105
5] [1056] [1057] [1058] [1059] [1060] [1061] [1062] [1063] [1064] [1065] [1066]
[1067] [1068] [1069] [1070] [1071] [1072] [1073] [1074] [1075] [1076] [1077] [1
078] [1079] [1080] [1081] [1082] [1083] [1084] [1085] [1086] [1087] [1088] [108
9] [1090] [1091] [1092] [1093] [1094] [1095] [1096] [1097] [1098] [1099] [1100]
[1101] [1102] [1103] [1104] [1105] [1106] [1107] [1108] [1109] [1110] [1111] [1
112] [1113] [1114] [1115] [1116] [1117] [1118] [1119] [1120] [1121] [1122] (./_
formulas_dark.aux)
 ***********
LaTeX2e <2023-11-01> patch level 1
L3 programming layer <2024-01-22>
 ***********
 ) 
Here is how much of TeX's memory you used:
 1589 strings out of 474223
 26016 string characters out of 5748759
 1924972 words of memory out of 5000000
 23872 multiletter control sequences out of 15000+600000
 560826 words of font info for 45 fonts, out of 8000000 for 9000
 1141 hyphenation exceptions out of 8191
 72i,6n,79p,229b,103s stack positions out of 10000i,1000n,20000p,200000b,200000s

Output written on _formulas_dark.dvi (1122 pages, 240272 bytes).
